[BRIDGE] Running on Port 8081 (Available on all network IPs)
[INFO] Using WA version v2.3000.1035194821, isLatest: true

--- SCAN THIS QR CODE WITH WHATSAPP (VALID FOR 40 SECONDS) ---
▄▄▄▄▄▄▄▄▄▄▄▄▄▄▄▄▄▄▄▄▄▄▄▄▄▄▄▄▄▄▄▄▄▄▄▄▄▄▄▄▄▄▄▄▄▄▄▄▄▄▄▄▄▄▄▄▄▄▄
█ ▄▄▄▄▄ █▄ ▀█   █▀█ ▄▀█▀  ▀█▀▀█ █▄▀███▄█▄▄  ██ ▄ ██ ▄▄▄▄▄ █
█ █   █ █ ▄ ▄█▀██▄  ██▄▄▀  █▄█ ▄ ▄    ▄  ██▄ █▀▄ ██ █   █ █
█ █▄▄▄█ █▄  ▄▀██▀▀▀▄ ▀█▀ █▀ ▄▄▄ ▄█ █ ██   ████▄▀▄██ █▄▄▄█ █
█▄▄▄▄▄▄▄█▄▀▄█ ▀ █▄█ ▀▄█ ▀▄█ █▄█ ▀ ▀ █ ▀▄█ █▄█▄▀▄█ █▄▄▄▄▄▄▄█
█▄▄▄ ▀▀▄▀ ▀  ▀▀█▄█ ▀ █ ▄  ▀▄ ▄   █ ▄▀█▀█ ▄▀ ▀█▄▄▀▀ █▀ ▄ █ █
█▀██▄▀▄▄▄ ▀ ▄▀ ▀▄█ ██ ▄▄ ▄██▄▀  ▀ ▀▀██ █▀▀▄▄█  ▄▄▄  ▀█ ▄  █
█▄▄█  ▀▄ ▄▄ ▀█▄ █▄█▄▀▀█▄▄█▀ ███▀█▀▀█▄▄  ▀█▄█ ▀█▄███ ▄▀█▄▄██
███ █ ▄▄ ▀█ ▀█▄ ██▄ ▄▄ ▄ ▄ █▀▄▀█ ▄ █ ▄ █▀█ ▀ ▀ █▀ █▄▄▄▀ █▀█
███▄█▀▄▄  ▀▀█▀ ▄▀▀████▄▀ █ ▄▄▄ █▄▄▄▀▄▀▄█ ▀▀█▄▄ ▀ ▄▄█ ▀▀▀█ █
█ ▄▄▄▄ ▄▀▀ ▄▄▀▀▀▀   ▄  ▄▀▄ ▀█▄██▀▄▀▄▀█ ▀▄ ▀ ▀▄▀▀██▀  █▄████
██▀ ▀ ▀▄▄▄▀  █ ██ ▄███ ▄▀█  ▄ ▀▀███▄ █▄█  ▀  ▀▀▄▄  █▄▄▀▀ ▀█
█▄▀█ ▀█▄▀▄▀█▄█▄ ▀▄▄▀ ▄▀▄  █▀ █ ▀▀▄▀█▄  █▀██▄▄▄  ▀█▄▄▀▀▀██▄█
█ ▄▀ ▀▄▄   █  █ ▀█▄ █ ▀▀███▀▄▀▀▄▄▄  ▄▄  ▀▀▄█ ▀ ▄▄█▀▀▀█▀▄ ▄█
█ ▄ ▄ ▄▄▄ ▀ █ ▀█▀▀▄▄▀▀█▄█▀█ ▄▄▄ ▀ ▀ ▄▀    █▀█ ▄▄█ ▄▄▄ ▀▀ ██
█▄▄ █ █▄█  █▄█▄ ▀▀█▄██▀▀ █▀ █▄█  ▄▄▀▀███▄▀ ▄  ▀▀█ █▄█ █▄  █
██▄ ▀ ▄▄  █ ▀▀ ▀█▀█  ▄▀▄▀▀▄▄▄ ▄ █▀▀ ▄▀█▀▄▄█▀▀▄ ██  ▄  ██ ▀█
█▀█ █  ▄ ██ ▀▀██▀█▄█▀█ ▄ ▀▄█▄▄▀▀██ ▄ ▀▀█▄▄▀▀▄▀▀▄▀▀ ▄ █▄  ▄█
██   ▀ ▄▀▄▄█ ▄███ ▄  ▀█ ▄▀  ▄▀ ██▀▀ ▄ ▄█ █▀█▀▀█ █ ▄ █▄ ▄▄▄█
██ ▄█▀▀▄█▄█▀ ▀▀ ██  ▀█ ▀ ▄▄▄██▀█▀█▄█   ▀█▀▄▄ █ █▀█ ▀ █▀▀█▄█
█▄█▄ █ ▄ ▄ █▄▄▄  ▄▀   ▀█▄▀█▀ ▄ ▀ █▀█▀█▄▄█▄ ███▀████▀█▄ ▀█▄█
██▀█▄ ▀▄█ ▀▄▀▀▀▄  ▄▀ █▀█▀█▀   █ █▄▄▀ █▄▄ ▀▀▄▄▄▀▀▄▄    ███ █
█ █▀▀█ ▄ ▀▀ ▀▀▀ ▄▀█▄▄▀█   ▀█▀ ▄ ▀█▀█ ▀█▀▄ ▄█ █▀██  █▀▄▄▄█▀█
█▀ ▀ ▀ ▄▄██▀▄█ ▄█▄▀▀ █ █ ▀▄█▄█ █ ▀█▄ █▀█ ▄▄ ▀█▄▄▀▄▄▄████▀▀█
█ ▀ ▀▀▄▄ ▀ ▄█▄▀███▀ ▀█ ▀▄█▄▄  █▀▄ ▀███▀█▀█▀▄ ███▄▀ ▄▀▀██▄ █
███████▄█▀██ █▄ █▄  ▀ █▀█▄█ ▄▄▄  █▄█  ▀▀▀▀ ▄ ▀▀▄▀ ▄▄▄  ████
█ ▄▄▄▄▄ ██▄▄   ▄▀█ ▄█ ▄ ▄▄█ █▄█ ▀▀▄▀██▄█▄██▄ ▄█▀▄ █▄█ ▄▀▀▀█
█ █   █ █▀▀▄▄▀ ▀▀██▀ ▄▄▀ ▀▄▄ ▄  ▀   ▀▀██▄█ ▄    █     █ ▀▄█
█ █▄▄▄█ █ ▄██▄ ▀  ▄▀▄▀ ██▀█  ▀█▀▄ ▀▀▀▀▄ ▀█▄▄▄▄▄▄▄▄▀ ▀▀ ▄█▀█
█▄▄▄▄▄▄▄█▄█▄▄█▄██▄▄█▄█▄▄▄▄██▄▄███▄██▄█▄▄▄▄█▄██████████▄▄███


--- SCAN THIS QR CODE WITH WHATSAPP (VALID FOR 40 SECONDS) ---
▄▄▄▄▄▄▄▄▄▄▄▄▄▄▄▄▄▄▄▄▄▄▄▄▄▄▄▄▄▄▄▄▄▄▄▄▄▄▄▄▄▄▄▄▄▄▄▄▄▄▄▄▄▄▄▄▄▄▄
█ ▄▄▄▄▄ █▄ ▀█   ▄█▄▀▀▀▄   ▀█▀▀█ █▄█▀ ▀▄█▄▀▄ ▀  ▄ ██ ▄▄▄▄▄ █
█ █   █ █ ▄  ▀▀█▄▄  ▄█▄▄ ▀ █▄█ ▄ ▄   ▀▄ ▄▄█▄█▄▀▄ ██ █   █ █
█ █▄▄▄█ █▄▄  ▀██▀▀▀▄ ▀█▀ █▀ ▄▄▄  ▄ █▀▀█ ████▀ ▄▀▄██ █▄▄▄█ █
█▄▄▄▄▄▄▄█▄▀ ▀ ▀ █▄█ ▀▄█ ▀▄█ █▄█ ▀ ▀ █ ▀▄█ █▄█▄▀▄█ █▄▄▄▄▄▄▄█
█▄▄▄ ▀▀▄█▄▄ ▀▄▀█▄█ ▀ █ ▄  ▀▄ ▄   █ ▄▀█▀█ ▄▀ ▀█▄▄▄ ▄██▄▄ █ █
█▀██▄▀█▄▀██▄▀  ▀▄█ ██ ▄▄ ▄▀█▄▀  ▀ █▀██ ▀▀▀ ▄█    ▀ ▀ █ ▄  █
█▄▄▀▄ ▀▄██▀█▀█▄ █▄█▄▀▀█▄▄█  ▀▀█▀█▀ █▄▄█▀▀██▄ ▀▀▄▄██ ▀▀█▄▄██
█▄▄▀▀ ▄▄  █ ▀█▄ ██▀█▄▄▀▀ ▄ █ ▄▀█ ▄ ▀▄▄█▄▀▀█▄ ▀ ▀▀▀█▄▄▄▀▀█▀█
█▀▀██▀▄▄  ▀▀█▀ ▄ ▀██ █▄▀ ▄ ▄▄▄▀█▄▄▄ ▀█▄▄ █ ██▄ ▀ ▄▄█ ▀  ▀ █
█▀█ █▄ ▄▀▀ ▄▄▀▀▀█▀  ▄█ ▄▀  ▀█▄█▄▀▄▀▄▀▄▀▀ ▄▀ █▄ ▀██▀  █▄█ ▀█
█▄▀ ▀█▄▄▄▄▀ ▄▄ ██ ▄███ ▄▀█  ▄ ▀▀███▄ █▄█  ▀ ██▀▄▄  █▄▄▀▀▀▀█
█▄▀█ ▄▀▄▀▄█▀█▄▀ ▀▄▄▀ ▄▀▄  █▀ █ ▀ ▄▀██  █▀▄█▄█▄  ▀█▀▀█▀▀██▄█
█ ▄▀ █▀▄ ▄▄▀██ █▀█▄ █ ▀▀██▀▀▄▀▀▄▄▄  ▄▄  ▀▀▄█ ▀ ▄█▄ ▀▀█▀▄ ▄█
█ ▄ ▄ ▄▄▄ ▀▀▄█▄▄▀▀▄▄▀▀█▄█▀▀ ▄▄▄ ▀ ▀ ▄▀▄▄  ▀██ ▄▄█ ▄▄▄ ▀▀ ██
█▄▄▄█ █▄█ ▄█▄█▄ ▀▀█▄██▀▀ ██ █▄█  ▄▄▀▀█▄▄▄▀▀▄   ▀█ █▄█ █▀  █
███ ▄▄ ▄ ▄█ ▀▀ ▀█▀█  ▄▀█▀▀▄ ▄ ▄ █▀  ▄▀▀▄▄ ▀▄▀▄▀▀▄▄▄▄▄▄ ▄ ▀█
██▄█▀  ▄▄▄█ ▀▀██▄▄▀█ █▄▄▀ ▄█▄▄▀▀██ ▄▄█ █  ▀ ▀▀███▀ ▄██▄ ▄ █
█ ▄▀ ▀ ▄ ▀▄█ ▄██▀▀▄   █  █  ▄▀ ██▀▀ ██▄█▀█ ██ █ █ ▄ ▄█ ▄▄ █
█ ▀▄█▀▀▄█▄█▀█ ▀ ██  ▀█ ▀ ▄▄▄██ ▀▀█▄█▄  ▀▀█▄▄▀█ █▀█ ▀ █▀▀█▄█
█▄█▄ █ ▄ ▄█▀██▀▀ ▄▀   ▀█▄▀█▀ ▄▀█ █▀█ █▄▄█▄ █▄█▀████▀█▄ ▀█▄█
██▀█▄▄█▄█   ▄▀█   ▄▀ █▀█▀█▀   █ █▄▄▀ █▄▄ ▀▀▄▄▄▀▀▄▄▄▀  █▀█ █
█ █▀▀▄ ▄ ▀ █▄ ▀█▄▀█▄▄▀█   ▀█▀ ▄ ▀██▀ ▀▀▀▄ ▄█ █████ ▀▀▄▄▄█▀█
█▀ █▀██▄  ▀▄▄█ ▀█▄▀▀ █ █ ▀▄▀▄█ █ ▀▄█ █▀█ ▄█ ▀██▄▀█▀▄█▄▀▀▀▀█
█ ▀ ▀▀▄▄█▀ ▄█▄▀███ ▄▀█▀█▄█▄█  █▀▄ ▀▄██▄▄██  ▄▀ ▀ ▄▄▄ █ █▄ █
███████▄▄▀██ █▄ ▀██  ▀██▄▄█ ▄▄▄  █▄█▄ ▀ ▀██▄▄▀ ▄█ ▄▄▄ ▀▄█▀█
█ ▄▄▄▄▄ ██▄▄   ▄   ▄ ▀▄ ▄▄█ █▄█ ▀▀▄▀▄ ▄▄ ▀█▄▀▀▄ █ █▄█ ▄▀▀██
█ █   █ █▀▀▄ █ ▀▀██▀ ▄▄▀ ▀▄▄▄   █   ████ █ ▄█▄  █     █  ▄█
█ █▄▄▄█ █ ▀ ▄ ▄   ▄▀▄▀ ██▀█ ███▀▄▀▀▀▀ ▄  ▄▄▄██▄▄▄▄▀ █▀ ▄█▀█
█▄▄▄▄▄▄▄█▄▄█▄█▄██▄▄█▄█▄▄▄▄███▄███▄██▄█▄▄▄▄█▄████████▄▄▄▄███


--- SCAN THIS QR CODE WITH WHATSAPP (VALID FOR 40 SECONDS) ---
▄▄▄▄▄▄▄▄▄▄▄▄▄▄▄▄▄▄▄▄▄▄▄▄▄▄▄▄▄▄▄▄▄▄▄▄▄▄▄▄▄▄▄▄▄▄▄▄▄▄▄▄▄▄▄▄▄▄▄
█ ▄▄▄▄▄ █▄   ▄▄ ▀  ██▄▄ ▀ ▄▄▀  ▄ █▀ █▄█ █ ▀  ▀ ▄ ██ ▄▄▄▄▄ █
█ █   █ ██▀▄ ▄▀▀   ▀▄▀▀ ▀▀ ▀▀▀ █  █▄ ▀▄▄▀▀██  ▄▄ ██ █   █ █
█ █▄▄▄█ ███ ▄▄▀█ ▀█▀▄▀▄▀▄ █ ▄▄▄ ██▀█▄▄▀ ██▀  ██▀▄██ █▄▄▄█ █
█▄▄▄▄▄▄▄█ █▄▀ █ █▄▀▄█▄█ █ ▀ █▄█ █ ▀ ▀▄█▄█ ▀ ▀▄▀▄▀▄█▄▄▄▄▄▄▄█
█▄▄▀▄ █▄█▀ ▄▀▀▀▀▀▀   ▀█  ▀▀▄▄    ▀█ ▀▄▀▀█ ▀▀▀▀▀ ▀ ▀ ▀██▀█▄█
█▄▀██▀ ▄▄█▄██▀▄▀██▄ ▀ █▄▄▀ ███▄██  ▀▀  █ ▀ ▀▀ █ ▀ █  ▄▄▀▄ █
█ ▀▀▄▀▄▄█  █▄▀▀▀██  ▄ ██▀▀█ ▄▄ █  ▀█▀  ▀▀▄▄▀█ ██▀▀ ▀▄  ▄▀▄█
██▀█ ▄▄▄▀▄ ▄▀▄▄▄ ▀▀▀▄ ▀█ █ ▀█ █▄    ▄█▀  ▀▀▀ ▀██▀ █  ▀  ███
█ ▄▄ ▀ ▄▄  ▀▀▄▄▄█ █▄▀██▀▄ ▄▄█▄█  ▄█ █▄ ██▀▄▀   ▀▄▀ █▀▀▄██▄█
█  ▄▀██▄▄  █▀█▄ ███▄█▀ █  █ ██ ▀ █▀█▄█▄ █ ▄█▄ ▀▀ ▀▄▀ ▄▀▀▀ █
█▀█▄▄▀▄▄▄ ▄▄██ ▀ ▄▄▄█▀█ ▀▄ ▄▀▄▀ █▀    ▄▀█▄▀▀█▀▄ ▄▀ ▀▀ ▀ ▀██
█▀██▀▀▀▄█▄ ██▄▀▄ ▄ ▄▄▄ ▄▄█▀▀▀█▄▄██ █ ▄▄█▀▄▀▀ █▀ █ ▀▄▄██ ▀▄█
█▄▀  ██▄▀  ▀█ ▀█▀▄▀▄ ▀▀  ▀▄ ▄ ▄ ▀█ ▀▀ █▀▀ ▀▀█  █ ▀█▀▄ ▄ ███
█▀▄▄▀ ▄▄▄ █▀   ▄▄█▄█▀█  █ ▄ ▄▄▄ ▀▄▄ ▄ ▄▄█▄█▄█▄█ ▄ ▄▄▄ █  ▀█
█▀ ▀▄ █▄█ ▀▀  ▄▄ ▀▀▀▀█ ▀▄ ▀ █▄█ ▄▄▄ █  ▄█▀█▀▄ ▀▀  █▄█ ██▄ █
██ ▄█▄▄▄▄ █▀▄██ █ █ ██ ▀▄█▀ ▄  ▄  ▀▀██▄▄ ▀█▀▄█▄█ ▄▄  ▄▀▀█ █
█▄ █▄▄ ▄█  ▄▀ █▀▀▀▄ ▀  ▄▄▀▄▀ ▀▀ █▀█ ▀▄▀ ▀   ▀█▀ ██  ▀▀█▀  █
█ ▀▀▀▀▄▄█▄██▄▀▀█▀  █ ▄▄ ▄▄▄ ▀▀▄ ▀▀  █▄ ▄▄ █▀▄▄█▀▀█   █▄▀  █
█▀ ██ ▄▄ ██ ▄ ▄▀█▄█▄▄▄  █ ▀██▄▀▄█ ▄▄▄▄█ ▀ ▀ ▀▄ ▄▄▀█  ▄▄█▀██
███ █▀ ▄  ▀▀▀▄▄██ ▀▀ ▄▄▀▄ ███ ▄ ▀ ▄▀▀▄▄  ▀ ▄▄▀▄▀█▄██    █ █
█ ███▀ ▄▀ ▀ ▀ ▀▀▀  ▄▄█ ██ █ ▀ ▀█▀▄█▀▄  ▄▀▀█▀ ▄ ▀ ▀▀ ▀ █ ▀ █
█▄  ▀ ▀▄█  ▄ ▀██▄   ▀ █▀█▄ ▄▀▀▀▄▄▄█ ██ ▄▄▀▀▀█▄▀▄▄█▄▄▀█    █
█  █ ▄█▄██▄█▄▄▀▀  ▀  ▀█▀  ▄▄▀▀ ▄ █▄  ▄█ █ ▀▀▀▀▀ █▄█▀▀▀█▄▀██
█ ▀ ▀▀▄▄▀▄▀▄▀▀██▄█ ███▄▀   ▀▀ ▀▄  ▀▄█▄ █ ██ ▄▀█▄█▄▄ ▄ █▀  █
███████▄█▀█▄█▀▀▀▀██ █ █▄ ▀  ▄▄▄ █▄▄▄ ▄▄ █ ▄ ▀▄ ▄▄ ▄▄▄ █  ▄█
█ ▄▄▄▄▄ ██▀  ▀  ▄▀ █▀▄▀▄█▀█ █▄█ █▀▀█ ▄█ ▄ ▄█▀█▀▄  █▄█ ▄ ▀██
█ █   █ █  ▄▀ ▄▀ █▀▄▄▄█▀▄▄ ▄ ▄▄▄ ▄▀   ▀█▀█▄▀▀▄▀  ▄▄ ▄▄▀████
█ █▄▄▄█ █▀██▀▀▀█ ▀▀█▀  ▄ █ ▀   █  ▀ ▄▄▀▀ ▄▀ ▀▄▄█▀ ▄▀▀▄█   █
█▄▄▄▄▄▄▄█▄███▄█▄▄▄▄▄▄██▄▄███▄▄█▄█▄▄█▄▄▄▄█▄████▄██▄████▄████


--- SCAN THIS QR CODE WITH WHATSAPP (VALID FOR 40 SECONDS) ---
▄▄▄▄▄▄▄▄▄▄▄▄▄▄▄▄▄▄▄▄▄▄▄▄▄▄▄▄▄▄▄▄▄▄▄▄▄▄▄▄▄▄▄▄▄▄▄▄▄▄▄▄▄▄▄▄▄▄▄
█ ▄▄▄▄▄ █▄ ▀█ ▀ ██▄ ▄▀█ ▄▄▀█▀▀█ █▄ ▀▀▄ ▀▀▄█ ▄  ▄ ██ ▄▄▄▄▄ █
█ █   █ █ ▄  █▀███  ▄█▄▄▀  █▄█ ▄█▄   ▀▄ ▄██▄ ▄▀▄ ██ █   █ █
█ █▄▄▄█ █▄ ▄█▄██▀▀▀▄ ▀█▀ █▀ ▄▄▄ ▄▄ █▀▀█ ████ █▄▀▄██ █▄▄▄█ █
█▄▄▄▄▄▄▄█▄▀▄▀ ▀ █▄█ ▀▄█ ▀▄█ █▄█ ▀ ▀ █ ▀▄█ █▄█▄▀▄█ █▄▄▄▄▄▄▄█
█▄▄▄ ██▄▀ █▀▀▀▀█▄█ ▀ █ ▄  ▀▄ ▄   █ ▄▀█▀█ ▄▀ ▀█▄▄ ▀ █▀▄▄ █ █
█▀██▄ █▄▀ ▀▄▀▄ ▀▄█ ██ ▄▄ ▄▄█▄▀  ▀ ▀▀██ ▀▀▀  █   █▄▀ ▄▄ ▄  █
█▄▄▀▀ ▀▄▀█ █▀█▄ █▄█▄▀▀█▄▄█ ▀█▀█▀█▀▀█▄▄▀ ▀█▄█ ▀▀█▄▄█ ██▀▄▄██
██ ▄▄ ▄▄▀ █ ▀█▄ ███ ▄▄▀█ ▄ █▀█▀▀ ▄▀  ▄▀▄█▀▄▄ ▀▀█▄▀█▄█▄▀ █▀█
█▄▀▄ ▀▄▄  ▀▀█▀ ▄  █▀▄▄▄▀ █ ▄▄▄▀█▄▄█▀ ▀▄██▀▀█▀    ▄▄█ ▀ ▀█ █
█▀ █▄▄▄▄▀▀ ▄▄▀▀▀▀█  ▄█ ▄▀█ ▀█▄▄█▀▄▀▄▀ ▀ █   ▀█ ▀███▄ █▄█ ▀█
█▀  ▀█▀▄▄▄▀ ▀█ ██ ▄███ ▄▀█  ▄ ▀▀▀▀█▄▄█▄█ ▄▀  ▀▀▄▄  █▄▄▀▀ ▀█
█▄▀█ ██▄▀▄   ▀▄▀▀▄▄▀ ▄▀▄  █▀ █ ▀▀▄▀██▀ █ ▄█▄█▄  ▀█▀██▀▀██▄█
█ ▄▀ ▀▀▄█ ███ █ ▀█▄ █ ▀▀███▀▄▀▀▄▄▄  ▄▄  ▀▀▄█ ▀ ▄▄▄ ▀▀▀▀▄ ▄█
█ ▄ ▄ ▄▄▄ ▀▀▀▄██▀▀▄▄▀▀█▄█▀▄ ▄▄▄ ▀ ▀▄▄▀▄▄  ▀▀█ ▄ ▀ ▄▄▄ █▀ ██
█▄▄▀▄ █▄█ █▀▄██ ▀▀█▄██▀▀ █▀ █▄█  ▄ ▀▀█▄▄▄▀▀█      █▄█ ▀▄  █
█  █▀ ▄▄ ▄█ ▀▀ ▀█▀▄█ ▄██▀▀▄▄▄ ▄ █▀▀▀ ▀▀▄▄ ▀██ █ █ ▄ ▄ ██ ▀█
█▀▄▄█  ▄█▀█ ▀▀████ █ █ ▄▀▀▄█▄▄▀▀██ ▄▄█▀▄    ▀█▄██▀ ▄▄█▄ ▄▄█
█   ▄▀ ▄▀▄▄█ ▄██▀▀▄ ▄ █ ▀█  █  █▀█▀   ███▄▀█▄ █▀▄ ▄ ▄  ▄ ▄█
█▀█▄█▀▀▄█▄█▀▀█▀ ██  ▀█ ▀ ▄▄▄██▀▀ █▄█▄  ▀█▀▄▄▄▀ █▀█ ▀ █▀▀▄██
█▄█▄ █ ▄ ▄▄▄▀██  ▄▀   ▀█▄▀█▀ ▄▄█ █▀█▀▄▄▄█▄ █▄█▀████▀█▄ ▀█▄█
██▀█▄ █▄█ █▄▄▄▄   ▄▀ █▀█▀█▀   █ █▄▄▀ █▄▄ ▀▀▄▄▄▀▀▄▄ █  ███ █
█ █▀▀  ▄ ▀█▄▄▄▀ ▄▀█▄▄▀█   ██▀ ▄ ▀███ ▀▀▀▄  █ ████ ▄█▀▄█▄█▀█
█▀ ███▀▄▀▄▄▄▄█▀ █▄▀▀ █ █ ▀██▄█ █ ▀█▄ █ ▄ ▄  ▀█▄▄▀▀ ▄█▄██▀▀█
█ ▀ ▀▀▄▄▀  ▄█▄▀█████▀███▄█▄█  █▀▄ ▀█▀██▀███▄▄█▀ ▄ ▄   ▄▄▄ █
███████▄▄▀██ █▄ ▀██ ▀▀██▄██ ▄▄▄  █▄█▄ ▀▀▀██▄ █ █▀ ▄▄▄  █▀██
█ ▄▄▄▄▄ ██▄▄   ▄▀█ ▄ ▄▄ ▄ █ █▄█ █▀▄▀▄▄▄█▀ ▄▄ ▀█   █▄█ ▄▀▀██
█ █   █ █▀▀▄██ ▀▀██▀ ▄▄▀ ▀▄▄▄    ▄  ▀███▄▀ ▄█▄  █     █ ▀██
█ █▄▄▄█ █  █▀ ▄▄  ▄▀▄▀ ██▀█ █▀█▀▄▀▀▀ ▀▄ ▀█▄▄▄▄▄▄▄▄▀ ▀▀ ▄█▀█
█▄▄▄▄▄▄▄█▄██▄█▄▄█▄▄█▄█▄▄▄▄███████▄██▄█▄▄▄▄█▄████████▄█▄▄███


--- SCAN THIS QR CODE WITH WHATSAPP (VALID FOR 40 SECONDS) ---
▄▄▄▄▄▄▄▄▄▄▄▄▄▄▄▄▄▄▄▄▄▄▄▄▄▄▄▄▄▄▄▄▄▄▄▄▄▄▄▄▄▄▄▄▄▄▄▄▄▄▄▄▄▄▄▄▄▄▄
█ ▄▄▄▄▄ █▄ ▀█   ██▄ ▄▀▄ ▄ ▀█▀▀█ █▄ ▀▀ ▄▀▄ ▄ █  ▄ ██ ▄▄▄▄▄ █
█ █   █ █ ▄ ▄▀▀█▄▄  ▄▄▄▄   █▄█ ▄ █  ▀ ▄  ██▄ █▀▄ ██ █   █ █
█ █▄▄▄█ █▄   ███▀▀▀▄ ▀█▀ █▀ ▄▄▄ ▀█ █▀▄█ ▀▀██  ▄▀▄██ █▄▄▄█ █
█▄▄▄▄▄▄▄█▄█▄▀ ▀ █▄█ ▀▄█ ▀▄█ █▄█ ▀ ▀ █ ▀▄█ █▄█▄▀▄█ █▄▄▄▄▄▄▄█
█▄▄▄ █▀▄▀▄  ▀▄▀█▄█ ▀ █ ▄  ▀  ▄   █ ▄▀█▀█ ▄▀ ▀█▄▄▀  ██▄▄ █ █
█▀██▄ █▄ ▀ ▄ ▀ ▀▄█ ██ ▄▄ ▄██▄█  ▀ ████ ▀▀▀▄ █ ▄ █▀ ▀██ ▄  █
█▄▄▀▄ ▀▄▄ ▄▀▀█▄ █▄█▄▀▀█▄▄█  ▀▀█▀█▀▀▄▄▄▀▀▀█▀▄ ▀ █ ██ ██▀ ▄██
█▀ ▄  ▄▄▀ █ ▀█▄ ██ ▀▄▄ ▀ ▄ █ ██▀ ▄█▄▄▄ ▀██▄ ▄█ ▀▀▀█▄██ ▀█▀█
█▄▀ ▀▀▄▄  ▀▀█▀ ▄▀▀██ █ ▀ █ ▄▄▄▀█▄▄█▀█▀▀▄▄▀ ▄▄▄█  ▄▄█ ▀▀ █ █
█▄  █▄ ▄▀▀ ▄▄▀▀▀▄█  █▄ ▄▀█ ▀█▄██▀ ▀▄██▀  █▀▀▀█▀ ██▀▄ █▄█ ██
█▄▄ ▀██▄▄▄▀ ▀▄ ██ ▄███ ▄▀█  ▄ ▀▀███▄▄▀▄█▄ ▀ ▀▀▀▄▄ ▀█▄▄▀▀▀▀█
█▄▀█ █▀▄▀▄▀▀▄▄ ▄▀▄▄▀ ▄▀▄  █▀ █ ▀ ▄▀█▄  █ ██▄▄▄  ▀█▀▄▀█▀██▄█
█ ▄▀ ██▄  █▀  ▄█▀█▄ █ ▀▀██▀▀▄▀▀▄▄▄  ▄▄  ▀▀▄█ ▀ ▄▄▄ ▀▄▀▀▄ ▄█
█ ▄ ▄ ▄▄▄ ▀▀███▀▀▀▄▄▀▀█▄█▀▄ ▄▄▄ ▀ ▀ ▄▀▄▄  ▀▀█   ▀ ▄▄▄ ▀▀ ██
█▄▄▄▀ █▄█ ▄▀▄█ ▀▀▀█▄██▀▀ ██ █▄█  ▄▀ ▀█▄█▄▀█▄   ▀█ █▄█ █▄  █
█▀   ▄ ▄ ▄█ ▀▀ ▀█▀▀▀ ▄█▀▀▀▄▄▄ ▄ █▀ ▀▄█ ▄   ▀▀▄▄▄▄ ▄▄▄▄ ▄ ▀█
███▄█  ▄ ██ ▀▀██▄█▄█ █ ▄  ▄█▀█▀▀██ ▄▄▀▀▄▀▄ ▀▄█▄▄▀  ▄██▄   █
█▄▄▀▀▀ ▄ ▄▄█ ▄███ ▄ ▄▄█  █   ▀ █▀█▀  ▀██▀█ ██▀▄ █ ▄ ▄▀ ▄  █
█▄▀▄█▀▀▄█▄█▀█ ▀ ██  ▀█ ▀ ▄▄▄██▄▀▄█▄█▄▄ ▀▀█▄▄ ▀ █▀█ ▀ █▀▀▄██
█▄█▄ █ ▄ ▄  ▀▄ ▄ ▄▀   ▀█▄▀█▀ ▄ ▀▀█▀█ █▄▄██ ███▀████▀█▄ ▀█▄█
██▀█▄▄▄▄█ █ ▀██▄  ▄▀ █▀█▀█▀   █ █▄▄▀ █▄▄ ▀▀▄▄▄▀▀▄▄██  ███ █
█ █▀▀▀ ▄ ▀▀ ▀▀▄█▄▀█▄▄▀█   ██▀ ▄ ▀███ ▀▀▀▄ ▄█ ████▀▄▀▀▄█▄█▀█
█▀ ▄█▀▄▄█ █▀▄█ ██▄▀▀ █ █ ▀▄▀▄█ █ ▀▀█ ███ ▄▀ ▀█▄█▀███▄██▀▀▀█
█ ▀ ▀▀▄▄█  ▄█▄▀███▀▀▀█  ▄█▄▀  █▀▄  ▄▀▀▄█▀▀▄ ▄█▄ ▀█ ▄ ▀▀▄▄ █
███████▄▄ ██ █▄  ▄  ▀▀▀████ ▄▄▄  █▄█ ▄ ▀▀█▀▄▄█▀▄▀ ▄▄▄  █▀██
█ ▄▄▄▄▄ ██▄▄   ▄▀█ ▄▄▀▄ ▄ █ █▄█ ██▄▀ █▄▄▀█▄▄ █▄▀  █▄█ ▄▀███
█ █   █ █▀▀▄██ ▀▀██▀ ▄▄▀ ▀▄▄     ▄  █▀██▄█ ▄▄▄  ▄    ▄█  ▄█
█ █▄▄▄█ █ █▀▄ ▀   ▄▀▄▀ ██▀█ ▀▀█▀█ ▀▀  ▄ ▀█▄▄▄█▄▄▄▄▀ █▀ ▄█▀█
█▄▄▄▄▄▄▄█▄██▄▄▄██▄▄█▄█▄▄▄▄███▄███▄██▄█▄▄▄▄█▄█████████▄▄▄███


--- SCAN THIS QR CODE WITH WHATSAPP (VALID FOR 40 SECONDS) ---
▄▄▄▄▄▄▄▄▄▄▄▄▄▄▄▄▄▄▄▄▄▄▄▄▄▄▄▄▄▄▄▄▄▄▄▄▄▄▄▄▄▄▄▄▄▄▄▄▄▄▄▄▄▄▄▄▄▄▄
█ ▄▄▄▄▄ █▄ ▀█  ▀█▀▄▀███ █▄▀█▀▀█ █▄ ▀█▄▀█▀██  ▀ ▄ ██ ▄▄▄▄▄ █
█ █   █ █ ▄ ▄▀▀█▄▄  ▄▄▄▄▀  █▄█ ▄ ▄  █ ▄ ███▄▀▄▀▄ ██ █   █ █
█ █▄▄▄█ █▄ ▄█▄██▀▀▀▄ ▀█▀ █▀ ▄▄▄ █▄ █▀▀█ ▄▀███ ▄▀▄██ █▄▄▄█ █
█▄▄▄▄▄▄▄█▄▀▄▀▄▀ █▄█ ▀▄█ ▀▄█ █▄█ ▀ ▀ █ ▀▄█ █▄█▄▀▄█ █▄▄▄▄▄▄▄█
█▄▄▄ ██▄█  ▄▄▄▀█▄█ ▀ █ ▄  █▄ ▄   █ ▄▀█▀█ ▄▀ ▀█▄▄ ▀ █▀ ▄ █ █
█▀██▄ ▄▄ ▄ ▀█  ▀▄█ ██ ▄▄ ▄▄█ █  ▀ ████▄▀▀▀▄ █ ▄ ▄  ▀▀▄ ▄  █
█▄▄▄▄ ▀▄  ▀█▀█▄ █▄█▄▀▀█▄▄█▀▀███▀█▀▀▄▄▄▀▀▀██▄ ▀ ▄ ██  ██▄▄██
██ ▄▀ ▄▄ ▀█ ▀█▄ ████▄▄█  ▄ █▀▄▀█ ▄▀  ▄██▀█▄▄ ▀██▀██▄▄▄ ▀█▀█
██ ▄█▀▄▄  ▀▀█▀ ▄ ▀▀█▄▄▀█ ▄ ▄▄▄▀█▄▄█▀▄█▄█▄█ █▀▄▄▀ ▄▄█ ▀  █ █
██▄▄ ▄▄▄▀▀ ▄▄▀▀▀    ▄  ▄█▄ ▀█▄▄▄▀ ▀▄   ▀▀▀▀ ▄   ███  █▄█▄██
█   ▀█▀▄▄▄▀ ▄▄ ██ ▄███ ▄▀█  ▄ ▀▀▀██▄ ▀▄██ ▀ ▀█▀▄▄  ▄▄▄▀▀▀▀█
█▄▀█ █▀▄▀▄▄█▄ ▀▄▀▄▄▀ ▄▀▄  █▀ █ ▀▀▄▀██▀ █▀▄█▄▄▄  ▀█ ▀██▀██▄█
█ ▄▀ ▄ ▄ █▀▄█▄  ▀█▄ █ ▀▀██▀▀▄▀▀▄▄▄  ▄▄  ▀▀▄█ ▀ ▄██▀ █▀▀▄ ▄█
█ ▄ ▄ ▄▄▄ █▀████▀▀▄▄▀▀█▄█▀▀ ▄▄▄ ▀ █▄▄▀▄   █▀█ ▄ ▄ ▄▄▄ ▀▀ ██
█▄▄▀▀ █▄█ ▄ ▄█  ▀▀█▄██▀▀ ██ █▄█  ▄ ▀▀██▄▄▀ ▄    █ █▄█ ▄█  █
█ ▄ █ ▄▄▄▄█ ▀▀ ▀█▀▄  ▄ ▀▀▀█ ▄ ▄ █▀ ▀▄▀█▀  ▄▀█▄▀ █ ▄▄  ▄▄ ▀█
██▄█▀  ▄ ▀█ ▀▀████ ▀ █ ▄▀ ▄█▄▄▀▀██ ▄ █ █ ▄▀ ██▄███ ▄▄▄▄▀  █
█ ▀▀ ▀ ▄  ▄█ ▄██▄█▄ ▄██ ▄▀  ▄  ██▀▀ ▄ ▄██▀ ▄▄▀▄▀▄ ▄ █  ▄▄ █
█▀▀▄█▀▀▄█▄█▀▀▄▀ ██  ▀█ ▀ ▄▄▄██▀▀▀▀▄█▄▄ ▀█▀▄▄▀█ █▀█ ▀ █▀▀▄██
█▄█▄ █ ▄ ▄█▀▄▄█▄ ▄▀   ▀█▄▀█▀ ▄▄█▀▄▀█▀█▄▄▄▄ █▄█▀████▀█▄ ▀█▄█
██▀█▄▄▀▄█ ▄█▀▀▀█  ▄▀ █▀█▀█▀   █ █▄▄▀ █▄▄ ▀▀▄▄▄▀▀▄▄▄   ▀▀█ █
█ █▀▀█▀▄ ▀   ▄▀▀▄▀█▄▄▀█   ██▀ ▄ ▀███ ▀█▀▄ ▄█ █▀█▀  ▀▀▄▄▄█▀█
█▀ ▄█▀▀▄▀  ▄▄█  █▄▀▀ █ █ ▀▄ ▄█ █ ▀▄▄ █▀█ ▄ ▀▀█▄▄█▄█▄█▄▀▀▀▀█
█ ▀ ▀▀▄▄▄▄ ▄█▄▀███▄▄▀██▄▄█▄█  █▀▄ ▀██▀█▄▀█▀▀ ▀  ▄▀ ▄█▀ ▄▄ █
███████▄▄ ██ █▄ █▄ ▄   ▀███ ▄▄▄  █▄██▄   ██▄▄█▀▄█ ▄▄▄  █▀██
█ ▄▄▄▄▄ ██▄▄   ▄   ▄▄█▄ ▀ █ █▄█ ██▄▀▄▀███▄▄█ ▀█▀  █▄█ ▄▀▄██
█ █   █ █▀▀▄█▀ ▀▀██▀ ▄▄▀ ▀▄▄ ▄  ▄   ▀▀██▄█ ▄▀   ▄     █  ▄█
█ █▄▄▄█ █ █ ▄ ██  ▄▀▄▀ ██▀█ ▀▀█▀▄▀▀▀  ▄  █▄▄▄█▄▄▄▄▀ ▀█ ▄█▀█
█▄▄▄▄▄▄▄█▄█▄▄▄▄██▄▄█▄█▄▄▄▄██▄████▄██▄█▄▄▄▄█▄██████████▄▄███


[WARNING] Connection closed (Reason: 408, Error: QR refs attempts ended)
[INFO] Stream dropped by WhatsApp. Waiting 5s before safely reconnecting internally...
[INFO] Using WA version v2.3000.1035194821, isLatest: true

--- SCAN THIS QR CODE WITH WHATSAPP (VALID FOR 40 SECONDS) ---
▄▄▄▄▄▄▄▄▄▄▄▄▄▄▄▄▄▄▄▄▄▄▄▄▄▄▄▄▄▄▄▄▄▄▄▄▄▄▄▄▄▄▄▄▄▄▄▄▄▄▄▄▄▄▄▄▄▄▄
█ ▄▄▄▄▄ █▄ ▄▄▀▄▄▄█ █ ▀█▀ ▄▀██▄▄ █ ▀█▀▀ ██▀█ ▄█ ▄ ██ ▄▄▄▄▄ █
█ █   █ █ ▀███▄▄▄▄▄▀▄██▄ ▀ █▄█▀▀▀█▄▄▀▀▄▄▄██ █▄▀▄ ██ █   █ █
█ █▄▄▄█ █▄▀█ █▀▀▀▀█▄ ▀ ▀ █▀ ▄▄▄ ▀█ █ █▄▄█▀█▀  ▄▀▄██ █▄▄▄█ █
█▄▄▄▄▄▄▄█▄▀ █ █ █▄▀▄▀▄▀ ▀▄█ █▄█ ▀ ▀ █ █▄▀ █▄▀ █▄█ █▄▄▄▄▄▄▄█
█  ▄▄▀▀▄▀▄▄ ▀█ ▀▄▄ ▀▀▄▄▄ ▀▀ ▄▄   █ ▄▀▀▄█ ▄  ▀▀▄▄▀  ██▄▄ ▀▄█
██   ▄▀▄▄ ▄  ▄ ▀ ▀ ██ ▄▄▀█▄██▄ ▀▀ ▀▀▀▀ ▀██▄ ▀▄█ ██ ▄█  ▄▄▄█
█▄▀▀▄▄▀▄▄  ▄█ ▄  ██▄▄ █▄ ██▄███▀ █ ▄  ▀ █▀▄▄▄█ ▄██▄ ▀█▀ ▀██
█▄▀▄▀▀ ▄▄  ▄█▄▀▀▀▀ ▀ ▀ ▄██ ▄▀███▄▀█▄██▄  ▄▄█▄█▀▀  █ ▀█▀ ▀██
█▀▄ ██ ▄ ▀▄ ▄▀ ▄   ▀▄▄▄▀█▄ ▄▄▄▀█▄ ▄▀█▀ ▄ █ █  ▀  ▄▄▄ ▀▄ ▀▀█
███▄▀ ▄▄▀ █▀ ▀▀▀▀ ▀▄█ ▄███▀ ▀ ██▄▀█▄▀ ▄   █ ▀█  ▄█▀▄  ▄▄▄██
███▄█▀▀▄▄█ █▀█ ██  ███▄ ▀█▀▀▀ ▀ ▀█▄▄ █▀▄█▄▀  ██▄▄ █▄▀▄▄█ ▀█
█▀▄ ██ ▄ ▀▄ ▀▀ ▀▀▄▄█ ▄▀   █▀ ▄▀▄▀█▀█ █ ▀▀▄▀▀▀▄▀ ▀▀▄█▀█ ▄█▄█
█ ▄▄█ ▀▄ ▄▄▄▄▀█ ▀▄ ▄█ ██ ██▀▀▀▄▄▄▄     ▀█▀ █▄█▀█▄▄ ▀▄█▀▄ ▄█
█▀█▄▀ ▄▄▄ ▄▄▄▀██ ▀▄▄▀▀█▄▄▀  ▄▄▄ ▀ ▀ ▀▀▀██▀    ▀ ▄ ▄▄▄ ▀▀▀▀█
█▄ █▀ █▄█ █▀ ▀ ▀  █▄██▀▀ █▀ █▄█  ▄▀▀█▀████▀██ ▀▀▄ █▄█ ▀█ ▄█
█▀▄ █ ▄▄▄ ▄▀█  ▀▀██▄█▀█ █▀▄▄ ▄▄ ▀▀  █▄█ ▄ ▄▄ █ ▄▄▄▄▄▄ █▄▄██
███▀▀█▀▄▀ ▄█▀  ███▀██▄█   █  █▀▀▀▀ ▄ ▀ ▄█▄ ▀▄█▄█▀▄██▄█▀▀▄ █
██ ▀█▀ ▄█ ▄▄▄▀▀▀▀  ▀ █▀▀ ▄▀█▄▀ ██▀█ ▀▀██▀▄▄███ █▀▀  ██▀▄▄ █
█▀█▄ ▀▄▄ █▀▀█▀ ████ ▀██▀ ▄▄▀██ ▄██ ▄█ ▀▀▄█▀█ ▀▀█▀▀▄▀▀█  ▄▄█
█▀█▀█▄ ▄  ▀▄██▀  ▄█▄   ▄▄▀█▄ ▄ ▀ █▀█▀ ▀██ ▄ ▀██▄██ ▀▀ ▀ █▄█
█▄  ▀  ▄   ▄▄▄▄ █ ▀▀ █ ▀█▄▀ ▀▀▄██▄▄▀▀█ █▄█▀█▄   ▄██   ▄▄▀ █
█▀▄█ ▀█▄▄▄▀    █▄██▄▄ █ ████▀▄▄ ▀██▀▀   █▄ ▄ ██ █▀ ▀ ▄▀▄ ██
█▄▀█ █▀▄▀  ███▀▀▄█▀▀█▄ █▀ █ ▄█ █▀█ █ ▀ █▄   ▀▀██▀█ ▀▄█    █
█ ▀ ▀▀▄▄█▄▀█▄▄█ ▄█ ▄█ ▄▀██  ▀ ██   ▄ ▀ █▀▀ ▄▄ ▄ ▄▀█ ▀▀▀█▄ █
███████▄▄ ▀▀▄▀▄▀ ▄   ▀█▀██▄ ▄▄▄ ▀█ ██ █ ███▄▄▀█▄█ ▄▄▄ ▀▀█ █
█ ▄▄▄▄▄ ██ █▀   ▄ ▀ █ ▄ █▀█ █▄█  ▀▄▄▄ ▄ ▄ █▀▀▀ ▀  █▄█ ▄▀███
█ █   █ █▀ ▀██ █▀███ ▄▄█ ▀  ▄▄   ▄  ▀██▄█▀█▄  ▄ ▄▄    ▀▄▀██
█ █▄▄▄█ █ ▀██▄▄▄   ▄▄▀▄▀█▀▀▀▀██▀▄▀▀ █ █▄▄  █▄██  ▄▄▀▀████▀█
█▄▄▄▄▄▄▄█▄▄▄▄██▄▄▄▄█▄▄▄▄█▄███▄███▄████▄█▄▄██████▄██▄█▄█▄███

^C